Setting option: help = intro (souce: file)
See docs/changes/index.html for recent updates.
See docs/faq.html for problems.
See docs/manualpages/index.html for help. 
