Setting option: version (no value) (source: command line)
See docs/changes/index.html for recent updates.
See docs/faq.html for problems.
See docs/manualpages/index.html for help. 
-version # (source: command line)
