Attempt rebalancing of shared points of depth 0 on interface of mesh distribution.
Size of generated auxiliary graph: 105
Using ParMETIS to partition graph.
Comparing number of owned entities of depth 0 on each process before rebalancing, after rebalancing, and after consistency checks.
Initial.     Min: 168, Max: 228, Ratio: 1.357143
Rebalanced.  Min: 184, Max: 196, Ratio: 1.065217
After.      Min: 184, Max: 196, Ratio: 1.065217
