Attempt rebalancing of shared points of depth 0 on interface of mesh distribution.
Size of generated auxiliary graph: 42
Using METIS to partition graph.
0: 40 40 40
Comparing number of owned entities of depth 0 on each process before rebalancing, after rebalancing, and after consistency checks.
Initial.     Min: 30, Max: 54, Ratio: 1.800000
Rebalanced.  Min: 40, Max: 40, Ratio: 1.000000
After.      Min: 40, Max: 40, Ratio: 1.000000
