Attempt rebalancing of shared points of depth 1 on interface of mesh distribution.
Size of generated auxiliary graph: 35
Using METIS to partition graph.
0: 45 45 43
Comparing number of owned entities of depth 1 on each process before rebalancing, after rebalancing, and after consistency checks.
Initial.     Min: 37, Max: 54, Ratio: 1.459459
Rebalanced.  Min: 43, Max: 45, Ratio: 1.046512
After.      Min: 43, Max: 45, Ratio: 1.046512
