Attempt rebalancing of shared points of depth 0 on interface of mesh distribution.
Size of generated auxiliary graph: 42
Using ParMETIS to partition graph.
Comparing number of owned entities of depth 0 on each process before rebalancing, after rebalancing, and after consistency checks.
Initial.     Min: 30, Max: 54, Ratio: 1.800000
Rebalanced.  Min: 38, Max: 41, Ratio: 1.078947
After.      Min: 38, Max: 41, Ratio: 1.078947
