Attempt rebalancing of shared points of depth 1 on interface of mesh distribution.
Size of generated auxiliary graph: 40
Using ParMETIS to partition graph.
Comparing number of owned entities of depth 1 on each process before rebalancing, after rebalancing, and after consistency checks.
Initial.     Min: 124, Max: 162, Ratio: 1.306452
Rebalanced.  Min: 141, Max: 145, Ratio: 1.028369
After.      Min: 141, Max: 145, Ratio: 1.028369
