Attempt rebalancing of shared points of depth 1 on interface of mesh distribution.
Size of generated auxiliary graph: 95
Using ParMETIS to partition graph.
Comparing number of owned entities of depth 1 on each process before rebalancing, after rebalancing, and after consistency checks.
Initial.     Min: 701, Max: 811, Ratio: 1.156919
Rebalanced.  Min: 736, Max: 776, Ratio: 1.054348
After.      Min: 736, Max: 776, Ratio: 1.054348
