Attempt rebalancing of shared points of depth 1 on interface of mesh distribution.
Size of generated auxiliary graph: 49
Using METIS to partition graph.
0: 33 34 34 32
Comparing number of owned entities of depth 1 on each process before rebalancing, after rebalancing, and after consistency checks.
Initial.     Min: 22, Max: 46, Ratio: 2.090909
Rebalanced.  Min: 32, Max: 34, Ratio: 1.062500
After.      Min: 32, Max: 34, Ratio: 1.062500
