Attempt rebalancing of shared points of depth 1 on interface of mesh distribution.
Size of generated auxiliary graph: 19
Using METIS to partition graph.
0: 66 67
Comparing number of owned entities of depth 1 on each process before rebalancing, after rebalancing, and after consistency checks.
Initial.     Min: 58, Max: 75, Ratio: 1.293103
Rebalanced.  Min: 66, Max: 67, Ratio: 1.015152
After.      Min: 66, Max: 67, Ratio: 1.015152
