Attempt rebalancing of shared points of depth 1 on interface of mesh distribution.
Size of generated auxiliary graph: 221
Using ParMETIS to partition graph.
Comparing number of owned entities of depth 1 on each process before rebalancing, after rebalancing, and after consistency checks.
Initial.     Min: 307, Max: 441, Ratio: 1.436482
Rebalanced.  Min: 357, Max: 389, Ratio: 1.089636
After.      Min: 357, Max: 389, Ratio: 1.089636
