Attempt rebalancing of shared points of depth 1 on interface of mesh distribution.
Size of generated auxiliary graph: 184
Using METIS to partition graph.
0: 509 509 494
Comparing number of owned entities of depth 1 on each process before rebalancing, after rebalancing, and after consistency checks.
Initial.     Min: 458, Max: 563, Ratio: 1.229258
Rebalanced.  Min: 494, Max: 509, Ratio: 1.030364
After.      Min: 494, Max: 509, Ratio: 1.030364
