masses:        e= 9.109e-31; ions in proton mass units:    2.000e+00  1.800e+02 ...
charges:       e=-1.602e-19; charges in elementary units:  1.000e+00  1.800e+01
n:             e:  1.000e+00                           i:  1.000e+00  1.000e-06
thermal T (K): e= 2.321e+07 i= 1.160e+07  1.160e+07. Normalization grid 0: v_0= 1.876e+07 ( 6.256e-02c) n_0= 1.000e+20 t_0= 1.909e-05 4 batched, view batch 1
Domain radius (AMR levels) grid 0: par= 5.000e+00 perp= 5.000e+00 (0) , 1: par= 5.835e-02 perp= 5.835e-02 (0) , 2: par= 6.151e-03 perp= 6.151e-03 (0) 
nu_alpha:  3.093538e+22 8.427101e+18 3.033756e+19
nu_beta:  3.769714e-24 3.769714e-24 1.221387e-21
nu_alpha[i]*nu_beta[j]*lambda[i][j]:
 1.000000000e+00 1.000000416e+00 3.206025701e+02
 2.724099089e-04 3.173347934e-04 7.663211501e-02
 9.703920059e-04 8.514679446e-04 3.047999074e-01
lambda[i][j]:
 8.575038959e+00 8.575042530e+00 8.485122002e+00
 8.575042530e+00 9.989208398e+00 7.445248257e+00
 8.485122002e+00 7.445248257e+00 8.225848404e+00
0) FormLandau 384 IPs, 24 cells total, Nb=16, Nq=16, dim=2, Tab: Nb=16 Nf=3 Np=16 cdim=2 N=1092 nnz=22692
0 TS dt 0.01 time 0.
    0 SNES Function norm 7.558812062359e-01
    1 SNES Function norm 4.199092807821e-03
    2 SNES Function norm 3.091878073383e-05
    3 SNES Function norm 2.208302118759e-07
    4 SNES Function norm 1.632783614333e-09
    5 SNES Function norm 1.197044182353e-11
    6 SNES Function norm 8.708736734298e-14
    Nonlinear solve converged due to CONVERGED_SNORM_RELATIVE iterations 6
1 TS dt 0.01 time 0.01
  0) species-0: charge density= -1.6162729305797e+01 z-momentum=  1.2222601565724e-17 energy=  4.8199770808865e+04
  0) species-1: charge density=  1.6162438381906e+01 z-momentum=  3.3897483504262e-16 energy=  2.4099451614303e+04
  0) species-2: charge density=  2.9092389087431e-04 z-momentum=  4.2423317142942e-21 energy=  2.4099451614303e-02
	  0) Total: charge density= -4.8244719851043e-14, momentum=  3.5120167894006e-16, energy=  7.2299246522620e+04 (m_i[0]/m_e = 3670.94, 8 cells on electron grid)
0 TS dt 0.01 time 0.
    0 SNES Function norm 6.868785674823e-01
    1 SNES Function norm 2.325392002302e-03
    2 SNES Function norm 1.716531151810e-05
    3 SNES Function norm 1.221909344643e-07
    4 SNES Function norm 9.039569822975e-10
    5 SNES Function norm 6.634464272347e-12
    6 SNES Function norm 5.067317332362e-14
    Nonlinear solve converged due to CONVERGED_SNORM_RELATIVE iterations 6
1 TS dt 0.01 time 0.01
  1) species-0: charge density= -1.6162729305797e+01 z-momentum=  1.2115905722764e-17 energy=  4.8199648400568e+04
  1) species-1: charge density=  1.6162438381906e+01 z-momentum=  3.5019466408616e-16 energy=  2.4099574004883e+04
  1) species-2: charge density=  2.9092389087431e-04 z-momentum=  4.3298776826030e-21 energy=  2.4117168156137e-02
	  1) Total: charge density= -4.8244774061151e-14, momentum=  3.6231489968660e-16, energy=  7.2299246522620e+04 (m_i[0]/m_e = 3670.94, 8 cells on electron grid)
Particle Moments:	 number density      momentum (par)     energy             entropy      loss : # OMP threads 1.
	Initial:         3.374533856361e-07 -1.194443015472e-17 7.229924652262e+04 3.959622e+00 0.000000e+00
	Coarse-graining: 3.374533856362e-07 -1.022739907379e-13 7.229924652276e+04 4.302347e+00 2.663816e-08
	Landau:          3.374533856362e-07 -1.022995936316e-13 7.229924652276e+04 4.302381e+00 2.662733e-08
Coarse-graining entropy generation = 3.427252e-01 ; Landau entropy generation = 3.427592e-01
(relative) energy conservation: Coarse-graining = 1.951547e-12 ; Landau = 1.949132e-12
