local lengths are:
0: 2
0: 10
0: 10
0: 10
norm is 32.22
norm is 32.22
norm is 32.26
norm is 32.22
norm is 32.22
