Metric average L2 error: 0.0000%
Metric conversion error: 0.0000%
