DM Object: Example_DM 2 MPI processes
  type: plex
Example_DM in 2 dimensions:
Supports:
[0] Max support size: 3
[0]: 2 ----> 8
[0]: 2 ----> 12
[0]: 3 ----> 8
[0]: 3 ----> 9
[0]: 3 ----> 13
[0]: 4 ----> 9
[0]: 4 ----> 14
[0]: 5 ----> 10
[0]: 5 ----> 12
[0]: 6 ----> 10
[0]: 6 ----> 11
[0]: 6 ----> 13
[0]: 7 ----> 11
[0]: 7 ----> 14
[0]: 8 ----> 0
[0]: 9 ----> 1
[0]: 10 ----> 0
[0]: 11 ----> 1
[0]: 12 ----> 0
[0]: 13 ----> 0
[0]: 13 ----> 1
[0]: 14 ----> 1
[1] Max support size: 3
[1]: 2 ----> 8
[1]: 2 ----> 12
[1]: 3 ----> 8
[1]: 3 ----> 9
[1]: 3 ----> 13
[1]: 4 ----> 9
[1]: 4 ----> 14
[1]: 5 ----> 10
[1]: 5 ----> 12
[1]: 6 ----> 10
[1]: 6 ----> 11
[1]: 6 ----> 13
[1]: 7 ----> 11
[1]: 7 ----> 14
[1]: 8 ----> 0
[1]: 9 ----> 1
[1]: 10 ----> 0
[1]: 11 ----> 1
[1]: 12 ----> 0
[1]: 13 ----> 0
[1]: 13 ----> 1
[1]: 14 ----> 1
Cones:
[0] Max cone size: 4
[0]: 0 <---- 8 (0)
[0]: 0 <---- 13 (0)
[0]: 0 <---- 10 (-1)
[0]: 0 <---- 12 (-1)
[0]: 1 <---- 9 (0)
[0]: 1 <---- 14 (0)
[0]: 1 <---- 11 (-1)
[0]: 1 <---- 13 (-1)
[0]: 8 <---- 2 (0)
[0]: 8 <---- 3 (0)
[0]: 9 <---- 3 (0)
[0]: 9 <---- 4 (0)
[0]: 10 <---- 5 (0)
[0]: 10 <---- 6 (0)
[0]: 11 <---- 6 (0)
[0]: 11 <---- 7 (0)
[0]: 12 <---- 2 (0)
[0]: 12 <---- 5 (0)
[0]: 13 <---- 3 (0)
[0]: 13 <---- 6 (0)
[0]: 14 <---- 4 (0)
[0]: 14 <---- 7 (0)
[1] Max cone size: 4
[1]: 0 <---- 8 (0)
[1]: 0 <---- 13 (0)
[1]: 0 <---- 10 (-1)
[1]: 0 <---- 12 (-1)
[1]: 1 <---- 9 (0)
[1]: 1 <---- 14 (0)
[1]: 1 <---- 11 (-1)
[1]: 1 <---- 13 (-1)
[1]: 8 <---- 2 (0)
[1]: 8 <---- 3 (0)
[1]: 9 <---- 3 (0)
[1]: 9 <---- 4 (0)
[1]: 10 <---- 5 (0)
[1]: 10 <---- 6 (0)
[1]: 11 <---- 6 (0)
[1]: 11 <---- 7 (0)
[1]: 12 <---- 2 (0)
[1]: 12 <---- 5 (0)
[1]: 13 <---- 3 (0)
[1]: 13 <---- 6 (0)
[1]: 14 <---- 4 (0)
[1]: 14 <---- 7 (0)
coordinates with 1 fields
  field 0 with 2 components
Process 0:
  (   2) dim  2 offset   0 0. 0.
  (   3) dim  2 offset   2 0.25 0.
  (   4) dim  2 offset   4 0.5 0.
  (   5) dim  2 offset   6 0. 1.
  (   6) dim  2 offset   8 0.25 1.
  (   7) dim  2 offset  10 0.5 1.
Process 1:
  (   2) dim  2 offset   0 0.5 0.
  (   3) dim  2 offset   2 0.75 0.
  (   4) dim  2 offset   4 1. 0.
  (   5) dim  2 offset   6 0.5 1.
  (   6) dim  2 offset   8 0.75 1.
  (   7) dim  2 offset  10 1. 1.
Labels:
Label 'marker':
[0]: 2 (1)
[0]: 3 (1)
[0]: 4 (1)
[0]: 5 (1)
[0]: 6 (1)
[0]: 7 (1)
[0]: 8 (1)
[0]: 9 (1)
[0]: 10 (1)
[0]: 11 (1)
[0]: 12 (1)
[1]: 2 (1)
[1]: 3 (1)
[1]: 4 (1)
[1]: 5 (1)
[1]: 6 (1)
[1]: 7 (1)
[1]: 8 (1)
[1]: 9 (1)
[1]: 10 (1)
[1]: 11 (1)
[1]: 14 (1)
Label 'Face Sets':
[0]: 8 (1)
[0]: 9 (1)
[0]: 10 (3)
[0]: 11 (3)
[0]: 12 (4)
[1]: 8 (1)
[1]: 9 (1)
[1]: 14 (2)
[1]: 10 (3)
[1]: 11 (3)
Label 'celltype':
[0]: 2 (0)
[0]: 3 (0)
[0]: 4 (0)
[0]: 5 (0)
[0]: 6 (0)
[0]: 7 (0)
[0]: 8 (1)
[0]: 9 (1)
[0]: 10 (1)
[0]: 11 (1)
[0]: 12 (1)
[0]: 13 (1)
[0]: 14 (1)
[0]: 0 (4)
[0]: 1 (4)
[1]: 2 (0)
[1]: 3 (0)
[1]: 4 (0)
[1]: 5 (0)
[1]: 6 (0)
[1]: 7 (0)
[1]: 8 (1)
[1]: 9 (1)
[1]: 10 (1)
[1]: 11 (1)
[1]: 12 (1)
[1]: 13 (1)
[1]: 14 (1)
[1]: 0 (4)
[1]: 1 (4)
PetscSF Object: 2 MPI processes
  type: basic
  [0] Number of roots=15, leaves=3, remote ranks=1
  [0] 4 <- (1,2)
  [0] 7 <- (1,5)
  [0] 14 <- (1,12)
  [1] Number of roots=15, leaves=0, remote ranks=0
  [0] Roots referenced by my leaves, by rank
  [0] 1: 3 edges
  [0]    4 <- 2
  [0]    7 <- 5
  [0]    14 <- 12
  [1] Roots referenced by my leaves, by rank
  MultiSF sort=rank-order
DM Object: Example_SubDM 2 MPI processes
  type: plex
Example_SubDM in 1 dimension:
Supports:
[0] Max support size: 2
[0]: 2 ----> 0
[0]: 3 ----> 0
[0]: 3 ----> 1
[0]: 4 ----> 1
[1] Max support size: 0
Cones:
[0] Max cone size: 2
[0]: 0 <---- 2 (0)
[0]: 0 <---- 3 (0)
[0]: 1 <---- 3 (0)
[0]: 1 <---- 4 (0)
[1] Max cone size: 0
coordinates with 1 fields
  field 0 with 2 components
Process 0:
  (   2) dim  2 offset   0 0. 1.
  (   3) dim  2 offset   2 0.25 1.
  (   4) dim  2 offset   4 0.5 1.
Process 1:
Labels:
Label 'celltype':
[0]: 2 (0)
[0]: 3 (0)
[0]: 4 (0)
[0]: 0 (1)
[0]: 1 (1)
Label 'marker':
[0]: 0 (1)
[0]: 1 (1)
[0]: 2 (1)
[0]: 3 (1)
[0]: 4 (1)
Label 'Face Sets':
[0]: 0 (3)
[0]: 1 (3)
PetscSF Object: 2 MPI processes
  type: basic
  [0] Number of roots=5, leaves=0, remote ranks=0
  [1] Number of roots=0, leaves=0, remote ranks=0
  [0] Roots referenced by my leaves, by rank
  [1] Roots referenced by my leaves, by rank
  MultiSF sort=rank-order
