DM Object: Example_DM 2 MPI processes
  type: plex
Example_DM in 2 dimensions:
Supports:
[0] Max support size: 3
[0]: 3 ----> 11
[0]: 3 ----> 15
[0]: 4 ----> 11
[0]: 4 ----> 12
[0]: 4 ----> 16
[0]: 5 ----> 13
[0]: 5 ----> 15
[0]: 6 ----> 13
[0]: 6 ----> 14
[0]: 6 ----> 16
[0]: 7 ----> 12
[0]: 7 ----> 17
[0]: 7 ----> 19
[0]: 8 ----> 17
[0]: 8 ----> 20
[0]: 9 ----> 14
[0]: 9 ----> 18
[0]: 9 ----> 19
[0]: 10 ----> 18
[0]: 10 ----> 20
[0]: 11 ----> 0
[0]: 12 ----> 1
[0]: 13 ----> 0
[0]: 14 ----> 1
[0]: 15 ----> 0
[0]: 16 ----> 0
[0]: 16 ----> 1
[0]: 17 ----> 2
[0]: 18 ----> 2
[0]: 19 ----> 1
[0]: 19 ----> 2
[0]: 20 ----> 2
[1] Max support size: 3
[1]: 3 ----> 11
[1]: 3 ----> 15
[1]: 3 ----> 18
[1]: 4 ----> 11
[1]: 4 ----> 12
[1]: 4 ----> 16
[1]: 5 ----> 12
[1]: 5 ----> 17
[1]: 6 ----> 13
[1]: 6 ----> 15
[1]: 6 ----> 19
[1]: 7 ----> 13
[1]: 7 ----> 14
[1]: 7 ----> 16
[1]: 8 ----> 14
[1]: 8 ----> 17
[1]: 9 ----> 18
[1]: 9 ----> 20
[1]: 10 ----> 19
[1]: 10 ----> 20
[1]: 11 ----> 0
[1]: 12 ----> 1
[1]: 13 ----> 0
[1]: 14 ----> 1
[1]: 15 ----> 0
[1]: 15 ----> 2
[1]: 16 ----> 0
[1]: 16 ----> 1
[1]: 17 ----> 1
[1]: 18 ----> 2
[1]: 19 ----> 2
[1]: 20 ----> 2
Cones:
[0] Max cone size: 4
[0]: 0 <---- 11 (0)
[0]: 0 <---- 16 (0)
[0]: 0 <---- 13 (-1)
[0]: 0 <---- 15 (-1)
[0]: 1 <---- 12 (0)
[0]: 1 <---- 19 (0)
[0]: 1 <---- 14 (-1)
[0]: 1 <---- 16 (-1)
[0]: 2 <---- 17 (0)
[0]: 2 <---- 20 (0)
[0]: 2 <---- 18 (-1)
[0]: 2 <---- 19 (-1)
[0]: 11 <---- 3 (0)
[0]: 11 <---- 4 (0)
[0]: 12 <---- 4 (0)
[0]: 12 <---- 7 (0)
[0]: 13 <---- 5 (0)
[0]: 13 <---- 6 (0)
[0]: 14 <---- 6 (0)
[0]: 14 <---- 9 (0)
[0]: 15 <---- 3 (0)
[0]: 15 <---- 5 (0)
[0]: 16 <---- 4 (0)
[0]: 16 <---- 6 (0)
[0]: 17 <---- 7 (0)
[0]: 17 <---- 8 (0)
[0]: 18 <---- 9 (0)
[0]: 18 <---- 10 (0)
[0]: 19 <---- 7 (0)
[0]: 19 <---- 9 (0)
[0]: 20 <---- 8 (0)
[0]: 20 <---- 10 (0)
[1] Max cone size: 4
[1]: 0 <---- 11 (0)
[1]: 0 <---- 16 (0)
[1]: 0 <---- 13 (-1)
[1]: 0 <---- 15 (-1)
[1]: 1 <---- 12 (0)
[1]: 1 <---- 17 (0)
[1]: 1 <---- 14 (-1)
[1]: 1 <---- 16 (-1)
[1]: 2 <---- 18 (0)
[1]: 2 <---- 15 (0)
[1]: 2 <---- 19 (-1)
[1]: 2 <---- 20 (-1)
[1]: 11 <---- 3 (0)
[1]: 11 <---- 4 (0)
[1]: 12 <---- 4 (0)
[1]: 12 <---- 5 (0)
[1]: 13 <---- 6 (0)
[1]: 13 <---- 7 (0)
[1]: 14 <---- 7 (0)
[1]: 14 <---- 8 (0)
[1]: 15 <---- 3 (0)
[1]: 15 <---- 6 (0)
[1]: 16 <---- 4 (0)
[1]: 16 <---- 7 (0)
[1]: 17 <---- 5 (0)
[1]: 17 <---- 8 (0)
[1]: 18 <---- 9 (0)
[1]: 18 <---- 3 (0)
[1]: 19 <---- 10 (0)
[1]: 19 <---- 6 (0)
[1]: 20 <---- 9 (0)
[1]: 20 <---- 10 (0)
coordinates with 1 fields
  field 0 with 2 components
Process 0:
  (   3) dim  2 offset   0 0. 0.
  (   4) dim  2 offset   2 0.25 0.
  (   5) dim  2 offset   4 0. 1.
  (   6) dim  2 offset   6 0.25 1.
  (   7) dim  2 offset   8 0.5 0.
  (   8) dim  2 offset  10 0.75 0.
  (   9) dim  2 offset  12 0.5 1.
  (  10) dim  2 offset  14 0.75 1.
Process 1:
  (   3) dim  2 offset   0 0.5 0.
  (   4) dim  2 offset   2 0.75 0.
  (   5) dim  2 offset   4 1. 0.
  (   6) dim  2 offset   6 0.5 1.
  (   7) dim  2 offset   8 0.75 1.
  (   8) dim  2 offset  10 1. 1.
  (   9) dim  2 offset  12 0.25 0.
  (  10) dim  2 offset  14 0.25 1.
Labels:
Label 'marker':
[0]: 3 (1)
[0]: 4 (1)
[0]: 5 (1)
[0]: 6 (1)
[0]: 7 (1)
[0]: 8 (1)
[0]: 9 (1)
[0]: 10 (1)
[0]: 11 (1)
[0]: 12 (1)
[0]: 13 (1)
[0]: 14 (1)
[0]: 15 (1)
[0]: 17 (1)
[0]: 18 (1)
[1]: 3 (1)
[1]: 4 (1)
[1]: 5 (1)
[1]: 6 (1)
[1]: 7 (1)
[1]: 8 (1)
[1]: 9 (1)
[1]: 10 (1)
[1]: 11 (1)
[1]: 12 (1)
[1]: 13 (1)
[1]: 14 (1)
[1]: 17 (1)
[1]: 18 (1)
[1]: 19 (1)
Label 'Face Sets':
[0]: 11 (1)
[0]: 12 (1)
[0]: 17 (1)
[0]: 13 (3)
[0]: 14 (3)
[0]: 18 (3)
[0]: 15 (4)
[1]: 11 (1)
[1]: 12 (1)
[1]: 18 (1)
[1]: 17 (2)
[1]: 13 (3)
[1]: 14 (3)
[1]: 19 (3)
Label 'celltype':
[0]: 3 (0)
[0]: 4 (0)
[0]: 5 (0)
[0]: 6 (0)
[0]: 7 (0)
[0]: 8 (0)
[0]: 9 (0)
[0]: 10 (0)
[0]: 11 (1)
[0]: 12 (1)
[0]: 13 (1)
[0]: 14 (1)
[0]: 15 (1)
[0]: 16 (1)
[0]: 17 (1)
[0]: 18 (1)
[0]: 19 (1)
[0]: 20 (1)
[0]: 0 (4)
[0]: 1 (4)
[0]: 2 (4)
[1]: 3 (0)
[1]: 4 (0)
[1]: 5 (0)
[1]: 6 (0)
[1]: 7 (0)
[1]: 8 (0)
[1]: 9 (0)
[1]: 10 (0)
[1]: 11 (1)
[1]: 12 (1)
[1]: 13 (1)
[1]: 14 (1)
[1]: 15 (1)
[1]: 16 (1)
[1]: 17 (1)
[1]: 18 (1)
[1]: 19 (1)
[1]: 20 (1)
[1]: 0 (4)
[1]: 1 (4)
[1]: 2 (4)
PetscSF Object: 2 MPI processes
  type: basic
  [0] Number of roots=21, leaves=9, remote ranks=1
  [0] 2 <- (1,0)
  [0] 7 <- (1,3)
  [0] 8 <- (1,4)
  [0] 9 <- (1,6)
  [0] 10 <- (1,7)
  [0] 17 <- (1,11)
  [0] 18 <- (1,13)
  [0] 19 <- (1,15)
  [0] 20 <- (1,16)
  [1] Number of roots=21, leaves=6, remote ranks=1
  [1] 2 <- (0,1)
  [1] 9 <- (0,4)
  [1] 10 <- (0,6)
  [1] 18 <- (0,12)
  [1] 19 <- (0,14)
  [1] 20 <- (0,16)
  [0] Roots referenced by my leaves, by rank
  [0] 1: 9 edges
  [0]    2 <- 0
  [0]    7 <- 3
  [0]    8 <- 4
  [0]    9 <- 6
  [0]    10 <- 7
  [0]    17 <- 11
  [0]    18 <- 13
  [0]    19 <- 15
  [0]    20 <- 16
  [1] Roots referenced by my leaves, by rank
  [1] 0: 6 edges
  [1]    2 <- 1
  [1]    9 <- 4
  [1]    10 <- 6
  [1]    18 <- 12
  [1]    19 <- 14
  [1]    20 <- 16
  MultiSF sort=rank-order
DM Object: Example_SubDM 2 MPI processes
  type: plex
Example_SubDM in 2 dimensions:
Supports:
[0] Max support size: 3
[0]: 2 ----> 8
[0]: 2 ----> 12
[0]: 3 ----> 8
[0]: 3 ----> 9
[0]: 3 ----> 13
[0]: 4 ----> 10
[0]: 4 ----> 12
[0]: 5 ----> 10
[0]: 5 ----> 11
[0]: 5 ----> 13
[0]: 6 ----> 9
[0]: 6 ----> 14
[0]: 7 ----> 11
[0]: 7 ----> 14
[0]: 8 ----> 0
[0]: 9 ----> 1
[0]: 10 ----> 0
[0]: 11 ----> 1
[0]: 12 ----> 0
[0]: 13 ----> 0
[0]: 13 ----> 1
[0]: 14 ----> 1
[1] Max support size: 2
[1]: 1 ----> 5
[1]: 1 ----> 7
[1]: 2 ----> 5
[1]: 2 ----> 8
[1]: 3 ----> 6
[1]: 3 ----> 7
[1]: 4 ----> 6
[1]: 4 ----> 8
[1]: 5 ----> 0
[1]: 6 ----> 0
[1]: 7 ----> 0
[1]: 8 ----> 0
Cones:
[0] Max cone size: 4
[0]: 0 <---- 8 (0)
[0]: 0 <---- 13 (0)
[0]: 0 <---- 10 (-1)
[0]: 0 <---- 12 (-1)
[0]: 1 <---- 9 (0)
[0]: 1 <---- 14 (0)
[0]: 1 <---- 11 (-1)
[0]: 1 <---- 13 (-1)
[0]: 8 <---- 2 (0)
[0]: 8 <---- 3 (0)
[0]: 9 <---- 3 (0)
[0]: 9 <---- 6 (0)
[0]: 10 <---- 4 (0)
[0]: 10 <---- 5 (0)
[0]: 11 <---- 5 (0)
[0]: 11 <---- 7 (0)
[0]: 12 <---- 2 (0)
[0]: 12 <---- 4 (0)
[0]: 13 <---- 3 (0)
[0]: 13 <---- 5 (0)
[0]: 14 <---- 6 (0)
[0]: 14 <---- 7 (0)
[1] Max cone size: 4
[1]: 0 <---- 5 (0)
[1]: 0 <---- 8 (0)
[1]: 0 <---- 6 (-1)
[1]: 0 <---- 7 (-1)
[1]: 5 <---- 1 (0)
[1]: 5 <---- 2 (0)
[1]: 6 <---- 3 (0)
[1]: 6 <---- 4 (0)
[1]: 7 <---- 1 (0)
[1]: 7 <---- 3 (0)
[1]: 8 <---- 2 (0)
[1]: 8 <---- 4 (0)
coordinates with 1 fields
  field 0 with 2 components
Process 0:
  (   2) dim  2 offset   0 0. 0.
  (   3) dim  2 offset   2 0.25 0.
  (   4) dim  2 offset   4 0. 1.
  (   5) dim  2 offset   6 0.25 1.
  (   6) dim  2 offset   8 0.5 0.
  (   7) dim  2 offset  10 0.5 1.
Process 1:
  (   1) dim  2 offset   0 0.75 0.
  (   2) dim  2 offset   2 1. 0.
  (   3) dim  2 offset   4 0.75 1.
  (   4) dim  2 offset   6 1. 1.
Labels:
Label 'celltype':
[0]: 2 (0)
[0]: 3 (0)
[0]: 4 (0)
[0]: 5 (0)
[0]: 6 (0)
[0]: 7 (0)
[0]: 8 (1)
[0]: 9 (1)
[0]: 10 (1)
[0]: 11 (1)
[0]: 12 (1)
[0]: 13 (1)
[0]: 14 (1)
[0]: 0 (4)
[0]: 1 (4)
[1]: 1 (0)
[1]: 2 (0)
[1]: 3 (0)
[1]: 4 (0)
[1]: 5 (1)
[1]: 6 (1)
[1]: 7 (1)
[1]: 8 (1)
[1]: 0 (4)
Label 'marker':
[0]: 2 (1)
[0]: 3 (1)
[0]: 4 (1)
[0]: 5 (1)
[0]: 6 (1)
[0]: 7 (1)
[0]: 8 (1)
[0]: 9 (1)
[0]: 10 (1)
[0]: 11 (1)
[0]: 12 (1)
[1]: 1 (1)
[1]: 2 (1)
[1]: 3 (1)
[1]: 4 (1)
[1]: 5 (1)
[1]: 6 (1)
[1]: 8 (1)
Label 'Face Sets':
[0]: 8 (1)
[0]: 9 (1)
[0]: 10 (3)
[0]: 11 (3)
[0]: 12 (4)
[1]: 5 (1)
[1]: 8 (2)
[1]: 6 (3)
PetscSF Object: 2 MPI processes
  type: basic
  [0] Number of roots=15, leaves=0, remote ranks=0
  [1] Number of roots=9, leaves=0, remote ranks=0
  [0] Roots referenced by my leaves, by rank
  [1] Roots referenced by my leaves, by rank
  MultiSF sort=rank-order
